[138月2026 02:45:07.293] [main/INFO] [cpw.mods.modlauncher.Launcher/MODLAUNCHER]: ModLauncher running: args [--nogui, --launchTarget, forgeserverdev, --gameDir, ., --fml.fmlVersion, 4.0.39, --fml.mcVersion, 1.21.1, --fml.neoForgeVersion, 21.1.176, --fml.neoFormVersion, 20240808.144430]
[138月2026 02:45:07.296] [main/INFO] [cpw.mods.modlauncher.Launcher/MODLAUNCHER]: JVM identified as Azul Systems, Inc. OpenJDK 64-Bit Server VM 21.0.8+9-LTS
[138月2026 02:45:07.297] [main/INFO] [cpw.mods.modlauncher.Launcher/MODLAUNCHER]: ModLauncher 11.0.4+main.d2e20e43 starting: java version 21.0.8 by Azul Systems, Inc.; OS Windows 11 arch amd64 version 10.0
[138月2026 02:45:07.428] [main/INFO] [net.neoforged.fml.loading.ImmediateWindowHandler/]: ImmediateWindowProvider not loading because launch target is forgeserverdev
[138月2026 02:45:07.480] [main/INFO] [mixin/]: SpongePowered MIXIN Subsystem Version=0.8.7 Source=union:/C:/Users/xm2nd/.gradle/caches/modules-2/files-2.1/net.fabricmc/sponge-mixin/0.15.2+mixin.0.8.7/2af2f021d8e02a0220dc27a7a72b4666d66d44ca/sponge-mixin-0.15.2+mixin.0.8.7.jar%23142!/ Service=ModLauncher Env=SERVER
[138月2026 02:45:07.720] [main/INFO] [net.neoforged.fml.loading.moddiscovery.ModDiscoverer/SCAN]: Found mod file "neoforge-21.1.176.jar" [locator: neoforge devenv provider ([E:\others\Projects\Minecraft-Mod\Chunk-Plan\neoforge\.gradle\repositories\ng_dummy_ng\net\neoforged\neoforge\21.1.176\neoforge-21.1.176.jar])]
[138月2026 02:45:07.760] [main/INFO] [net.neoforged.fml.loading.moddiscovery.ModDiscoverer/SCAN]: Found mod file "neoforge-21.1.176.jar" [locator: neoforge devenv provider ([E:\others\Projects\Minecraft-Mod\Chunk-Plan\neoforge\.gradle\repositories\ng_dummy_ng\net\neoforged\neoforge\21.1.176\neoforge-21.1.176.jar])]
[138月2026 02:45:07.772] [main/INFO] [net.neoforged.fml.loading.moddiscovery.ModDiscoverer/SCAN]: Found mod file "main" [locator: userdev mods and services, reader: mod manifest]
[138月2026 02:45:07.786] [main/INFO] [net.neoforged.fml.loading.moddiscovery.ModDiscoverer/SCAN]: Found mod file "neoforge-21.1.176.jar" [locator: userdev mods and services, reader: mod manifest]
[138月2026 02:45:07.968] [main/INFO] [net.neoforged.fml.loading.moddiscovery.ModDiscoverer/SCAN]: Found gamelibrary file "mixinextras-neoforge-0.4.1.jar" [locator: userdev mods and services, reader: mod manifest]
[138月2026 02:45:08.128] [main/WARN] [net.neoforged.jarjar.selection.JarSelector/]: Attempted to select a dependency jar for JarJar which was passed in as source: library:mixinextras.neoforge. Using Mod File: C:\Users\xm2nd\.gradle\caches\modules-2\files-2.1\io.github.llamalad7\mixinextras-neoforge\0.4.1\eff97772ecd0dcf8e52cdbafd3b3ccec425f8314\mixinextras-neoforge-0.4.1.jar
[138月2026 02:45:08.129] [main/INFO] [net.neoforged.fml.loading.moddiscovery.locators.JarInJarDependencyLocator/]: Found 1 dependencies adding them to mods collection
[138月2026 02:45:08.129] [main/INFO] [net.neoforged.fml.loading.moddiscovery.ModDiscoverer/SCAN]: Found library file "net.neoforged.neoforge-coremods-21.1.176.jar" [parent: neoforge-21.1.176.jar, locator: jarinjar, reader: mod manifest]
[138月2026 02:45:08.131] [main/INFO] [net.neoforged.fml.loading.moddiscovery.ModDiscoverer/]: 
     Mod List:
		Name Version (Mod Id)

		ChunkPlan 0.1.0 (chunkplan)
		Minecraft 1.21.1 (minecraft)
		NeoForge 21.1.176 (neoforge)
[138月2026 02:45:08.658] [main/INFO] [cpw.mods.modlauncher.LaunchServiceHandler/MODLAUNCHER]: Launching target 'forgeserverdev' with arguments [--gameDir, ., --nogui]
[138月2026 02:45:10.873] [main/INFO] [MixinExtras|Service/]: Initializing MixinExtras via com.llamalad7.mixinextras.service.MixinExtrasServiceImpl(version=0.4.1).
[138月2026 02:45:16.036] [main/WARN] [net.minecraft.commands.Commands/]: Ambiguity between arguments [teleport, location] and [teleport, destination] with inputs: [0.1 -0.5 .9, 0 0 0]
[138月2026 02:45:16.037] [main/WARN] [net.minecraft.commands.Commands/]: Ambiguity between arguments [teleport, location] and [teleport, targets] with inputs: [0.1 -0.5 .9, 0 0 0]
[138月2026 02:45:16.039] [main/WARN] [net.minecraft.commands.Commands/]: Ambiguity between arguments [teleport, destination] and [teleport, targets] with inputs: [Player, 0123, @e, dd12be42-52a9-4a91-a8a1-11c01849e498]
[138月2026 02:45:16.040] [main/WARN] [net.minecraft.commands.Commands/]: Ambiguity between arguments [teleport, targets] and [teleport, destination] with inputs: [Player, 0123, dd12be42-52a9-4a91-a8a1-11c01849e498]
[138月2026 02:45:16.041] [main/WARN] [net.minecraft.commands.Commands/]: Ambiguity between arguments [teleport, targets, location] and [teleport, targets, destination] with inputs: [0.1 -0.5 .9, 0 0 0]
[138月2026 02:45:16.146] [modloading-worker-0/INFO] [net.neoforged.neoforge.common.NeoForgeMod/NEOFORGE-MOD]: NeoForge mod loading, version 21.1.176, for MC 1.21.1
[138月2026 02:45:16.443] [main/INFO] [com.mojang.authlib.yggdrasil.YggdrasilAuthenticationService/]: Environment: Environment[sessionHost=https://sessionserver.mojang.com, servicesHost=https://api.minecraftservices.com, name=PROD]
[138月2026 02:45:16.559] [main/WARN] [net.minecraft.server.packs.VanillaPackResourcesBuilder/]: Assets URL 'union:/E:/others/Projects/Minecraft-Mod/Chunk-Plan/neoforge/.gradle/repositories/ng_dummy_ng/net/neoforged/neoforge/21.1.176/neoforge-21.1.176.jar%23195!/assets/.mcassetsroot' uses unexpected schema
[138月2026 02:45:16.559] [main/WARN] [net.minecraft.server.packs.VanillaPackResourcesBuilder/]: Assets URL 'union:/E:/others/Projects/Minecraft-Mod/Chunk-Plan/neoforge/.gradle/repositories/ng_dummy_ng/net/neoforged/neoforge/21.1.176/neoforge-21.1.176.jar%23195!/data/.mcassetsroot' uses unexpected schema
[138月2026 02:45:17.613] [main/INFO] [net.minecraft.world.item.crafting.RecipeManager/]: Loaded 1290 recipes
[138月2026 02:45:17.757] [main/INFO] [net.minecraft.advancements.AdvancementTree/]: Loaded 1399 advancements
[138月2026 02:45:18.089] [Server thread/INFO] [net.minecraft.server.dedicated.DedicatedServer/]: Starting minecraft server version 1.21.1
[138月2026 02:45:18.090] [Server thread/INFO] [net.minecraft.server.dedicated.DedicatedServer/]: Loading properties
[138月2026 02:45:18.090] [Server thread/INFO] [net.minecraft.server.dedicated.DedicatedServer/]: Default game type: SURVIVAL
[138月2026 02:45:18.090] [Server thread/INFO] [net.minecraft.server.MinecraftServer/]: Generating keypair
[138月2026 02:45:18.148] [Server thread/INFO] [net.minecraft.server.dedicated.DedicatedServer/]: Starting Minecraft server on *:25565
[138月2026 02:45:18.287] [Server thread/INFO] [net.minecraft.server.network.ServerConnectionListener/]: Using default channel type
[138月2026 02:45:18.323] [Server thread/WARN] [net.minecraft.server.dedicated.DedicatedServer/]: **** SERVER IS RUNNING IN OFFLINE/INSECURE MODE!
[138月2026 02:45:18.323] [Server thread/WARN] [net.minecraft.server.dedicated.DedicatedServer/]: The server will make no attempt to authenticate usernames. Beware.
[138月2026 02:45:18.323] [Server thread/WARN] [net.minecraft.server.dedicated.DedicatedServer/]: While this makes the game possible to play without internet access, it also opens up the ability for hackers to connect with any username they choose.
[138月2026 02:45:18.323] [Server thread/WARN] [net.minecraft.server.dedicated.DedicatedServer/]: To change this, set "online-mode" to "true" in the server.properties file.
[138月2026 02:45:18.366] [Server thread/INFO] [net.minecraft.server.dedicated.DedicatedServer/]: Preparing level "world"
[138月2026 02:45:18.872] [Server thread/INFO] [net.minecraft.server.MinecraftServer/]: Preparing start region for dimension minecraft:overworld
[138月2026 02:45:19.109] [worldgen/INFO] [net.minecraft.server.level.progress.LoggerChunkProgressListener/]: Preparing spawn area: 0%
[138月2026 02:45:19.409] [worldgen/INFO] [net.minecraft.server.level.progress.LoggerChunkProgressListener/]: Preparing spawn area: 51%
[138月2026 02:45:20.277] [worldgen/INFO] [net.minecraft.server.level.progress.LoggerChunkProgressListener/]: Preparing spawn area: 51%
[138月2026 02:45:20.388] [worldgen/INFO] [net.minecraft.server.level.progress.LoggerChunkProgressListener/]: Preparing spawn area: 51%
[138月2026 02:45:20.885] [worldgen/INFO] [net.minecraft.server.level.progress.LoggerChunkProgressListener/]: Preparing spawn area: 51%
[138月2026 02:45:21.374] [worldgen/INFO] [net.minecraft.server.level.progress.LoggerChunkProgressListener/]: Preparing spawn area: 51%
[138月2026 02:45:21.786] [Server thread/INFO] [net.minecraft.server.level.progress.LoggerChunkProgressListener/]: Time elapsed: 2913 ms
[138月2026 02:45:21.786] [Server thread/INFO] [net.minecraft.server.dedicated.DedicatedServer/]: Done (3.450s)! For help, type "help"
[138月2026 02:45:21.786] [Server thread/INFO] [net.minecraft.server.dedicated.DedicatedServer/]: Starting remote control listener
[138月2026 02:45:21.788] [Server thread/INFO] [net.minecraft.server.rcon.thread.GenericThread/]: Thread RCON Listener started
[138月2026 02:45:21.788] [Server thread/INFO] [net.minecraft.server.rcon.thread.RconThread/]: RCON running on 0.0.0.0:25575
[138月2026 02:45:21.797] [LanServerPinger #1/WARN] [net.minecraft.client.server.LanServerPinger/]: LanServerPinger: No route to host: sendto
[138月2026 02:45:21.814] [Server thread/INFO] [net.neoforged.neoforge.gametest.GameTestHooks/]: Enabled Gametest Namespaces: []
[138月2026 02:45:21.819] [Server thread/INFO] [net.neoforged.neoforge.server.permission.PermissionAPI/]: Successfully initialized permission handler neoforge:default_handler
[138月2026 02:45:21.827] [Server thread/INFO] [ChunkPlan/]: ChunkPlan 引擎已初始化，数据目录: .\world\.\chunkplan
[138月2026 02:45:51.101] [RCON Listener #1/INFO] [net.minecraft.server.rcon.thread.GenericThread/]: Thread RCON Client /127.0.0.1 started
[138月2026 02:45:51.410] [Server thread/INFO] [net.minecraft.server.MinecraftServer/]: [Rcon: ChunkPlan 配置已重载]
[138月2026 02:45:51.715] [Server thread/INFO] [net.minecraft.server.MinecraftServer/]: [Rcon: 已重置 00000000-0000-0000-0000-000000000000 的探索额度消费（已探索集合保留）]
[138月2026 02:45:52.016] [RCON Client /127.0.0.1 #2/INFO] [net.minecraft.server.rcon.thread.RconClient/]: Thread RCON Client /127.0.0.1 shutting down
[138月2026 02:45:59.561] [RCON Listener #1/INFO] [net.minecraft.server.rcon.thread.GenericThread/]: Thread RCON Client /127.0.0.1 started
[138月2026 02:45:59.578] [Server thread/INFO] [net.minecraft.server.MinecraftServer/]: [Rcon: ChunkPlan 配置已重载]
[138月2026 02:45:59.879] [RCON Client /127.0.0.1 #3/INFO] [net.minecraft.server.rcon.thread.RconClient/]: Thread RCON Client /127.0.0.1 shutting down
[138月2026 02:46:25.359] [RCON Listener #1/INFO] [net.minecraft.server.rcon.thread.GenericThread/]: Thread RCON Client /127.0.0.1 started
[138月2026 02:46:25.359] [Server thread/WARN] [ChunkPlan/]: 配置告警: 额度线数量必须为 1~4 条（当前 5），已回退默认两条
[138月2026 02:46:25.359] [Server thread/INFO] [net.minecraft.server.MinecraftServer/]: [Rcon: ChunkPlan 配置已重载（含告警，详见服务端日志）]
[138月2026 02:46:25.661] [RCON Client /127.0.0.1 #4/INFO] [net.minecraft.server.rcon.thread.RconClient/]: Thread RCON Client /127.0.0.1 shutting down
[138月2026 02:46:36.869] [RCON Listener #1/INFO] [net.minecraft.server.rcon.thread.GenericThread/]: Thread RCON Client /127.0.0.1 started
[138月2026 02:46:36.871] [Server thread/INFO] [net.minecraft.server.MinecraftServer/]: [Rcon: Stopping the server]
[138月2026 02:46:36.882] [Server thread/INFO] [net.minecraft.server.MinecraftServer/]: Stopping server
[138月2026 02:46:36.883] [Server thread/INFO] [net.minecraft.server.MinecraftServer/]: Saving players
[138月2026 02:46:36.883] [Server thread/INFO] [net.minecraft.server.MinecraftServer/]: Saving worlds
[138月2026 02:46:37.171] [RCON Client /127.0.0.1 #5/INFO] [net.minecraft.server.rcon.thread.RconClient/]: Thread RCON Client /127.0.0.1 shutting down
[138月2026 02:46:37.731] [Server thread/INFO] [net.minecraft.server.MinecraftServer/]: Saving chunks for level 'ServerLevel[world]'/minecraft:overworld
[138月2026 02:46:37.750] [Server thread/INFO] [net.minecraft.server.MinecraftServer/]: Saving chunks for level 'ServerLevel[world]'/minecraft:the_end
[138月2026 02:46:37.758] [Server thread/INFO] [net.minecraft.server.MinecraftServer/]: Saving chunks for level 'ServerLevel[world]'/minecraft:the_nether
[138月2026 02:46:37.770] [Server thread/INFO] [net.minecraft.server.MinecraftServer/]: ThreadedAnvilChunkStorage (world): All chunks are saved
[138月2026 02:46:37.770] [Server thread/INFO] [net.minecraft.server.MinecraftServer/]: ThreadedAnvilChunkStorage (DIM1): All chunks are saved
[138月2026 02:46:37.770] [Server thread/INFO] [net.minecraft.server.MinecraftServer/]: ThreadedAnvilChunkStorage (DIM-1): All chunks are saved
[138月2026 02:46:37.770] [Server thread/INFO] [net.minecraft.server.MinecraftServer/]: ThreadedAnvilChunkStorage: All dimensions are saved
[138月2026 02:46:37.792] [Server thread/INFO] [net.minecraft.server.rcon.thread.GenericThread/]: Thread RCON Listener stopped
